// Jest Snapshot v1, https://goo.gl/fbAQLP

exports[`Header Component is styled correctly 1`] = `
<styled.tr>
  <styled.th />
  <styled.th>
    Impact
  </styled.th>
  <styled.th>
    Ease
  </styled.th>
  <styled.th>
    Confidence
  </styled.th>
  <Styled(styled.th)>
    Avg.
  </Styled(styled.th)>
</styled.tr>
`;
