// Jest Snapshot v1, https://goo.gl/fbAQLP

exports[`Numeric Stepper Component is styled correctly 1`] = `
<styled.div>
  <NumericInput
    componentClass="input"
    format={null}
    max={10}
    min={1}
    mobile="auto"
    parse={null}
    precision={null}
    step={1}
    strict={false}
    style={Object {}}
    value={8}
  />
</styled.div>
`;
